// Jest Snapshot v1, https://goo.gl/fbAQLP

exports[`Log out button page Is logged in should render button if authenticated is true 1`] = `
<button
  className="btn btn-default"
  disabled={false}
  onTouchTap={[Function]}
  type="button"
>
  Log Out
</button>
`;
